{"httpCode":422,"serviceCode":200,"detail":"The bash id must be of type uuid4 like 151a583c-0ea0-46b8-b8a6-6bdcdd51655a"}