{"httpCode":422,"serviceCode":101,"detail":"The limit pagination parameter must be greater than or equal to zero"}