{"httpCode":422,"serviceCode":103,"detail":"The offset pagination parameter must be greater than or equal to zero"}