{"httpCode":422,"serviceCode":102,"detail":"The offset pagination parameter must be integer"}