{"httpCode":422,"serviceCode":209,"detail":"The isSync executing parameter must be bool"}