{"httpCode":422,"serviceCode":210,"detail":"Invalid body of the request to start executing bash scripts"}