{"httpCode":404,"serviceCode":207,"detail":"The specified bash script does not exists"}