{"httpCode":400,"serviceCode":206,"detail":"An error occurred during the creation of the bash script entity"}