{"id":"00000000-0000-0000-0000-000000000000","title":"","body":"","createdAt":"0001-01-01T00:00:00Z"}