{"httpCode":400,"serviceCode":211,"detail":"An error occurred while executing the bash script"}