{"httpCode":400,"serviceCode":300,"detail":"An error occurred while receiving the pagination page of bash log scripts"}