{"httpCode":400,"serviceCode":212,"detail":"An error occurred while deleting the bash script"}