{"httpCode":400,"serviceCode":201,"detail":"The bash script file has not been uploaded"}